// Jest Snapshot v1, https://goo.gl/fbAQLP

exports[`should first 1`] = `
<View
  style={
    Object {
      "borderRadius": 12,
      "elevation": 10,
      "margin": 5,
      "marginBottom": 10,
      "padding": 3,
      "shadowColor": "#000",
    }
  }
>
  <View
    style={
      Object {
        "backgroundColor": "white",
        "flexDirection": "row",
        "height": 148.22222222222223,
        "padding": 10,
        "zIndex": 1,
      }
    }
  >
    <Image
      source={
        Object {
          "uri": "https://lastfm.freetls.fastly.net/i/u/300x300/2a96cbd8b46e442fc41c2b86b821562f.png",
        }
      }
      style={
        Object {
          "alignSelf": "center",
          "borderRadius": 35,
          "height": 35,
          "marginRight": 5,
          "width": 35,
        }
      }
    />
    <View
      style={
        Object {
          "flex": 1,
          "flexDirection": "row",
          "margin": 5,
        }
      }
    >
      <View
        style={
          Object {
            "flex": 1,
            "margin": 5,
          }
        }
      >
        <Text
          style={
            Object {
              "borderBottomColor": "black",
              "borderBottomWidth": 1,
              "color": "black",
              "fontSize": 10,
              "fontWeight": "700",
            }
          }
          testID="product-title"
        >
          Graduation
        </Text>
        <Text
          style={
            Object {
              "color": "black",
              "fontSize": 10,
              "fontWeight": "700",
            }
          }
          testID="product-name"
        >
          What You Need
        </Text>
      </View>
      <View
        style={
          Object {
            "flex": 1,
            "margin": 5,
          }
        }
      >
        <Text
          style={
            Object {
              "color": "black",
              "fontSize": 8,
              "margin": 5,
            }
          }
        >
          Listeners:
          341031
        </Text>
        <Text
          style={
            Object {
              "color": "black",
              "fontSize": 8,
              "margin": 5,
            }
          }
          testID="product-playcount"
        >
          PlayCount:
          2619123
        </Text>
      </View>
    </View>
  </View>
</View>
`;
